Release 12.4 - xst M.81d (lin64)
Copyright (c) 1995-2010 Xilinx, Inc.  All rights reserved.
--> 
Parameter TMPDIR set to tmpdir


Total REAL time to Xst completion: 1.00 secs
Total CPU time to Xst completion: 0.12 secs
 
--> 

TABLE OF CONTENTS
  1) Synthesis Options Summary
  2) HDL Parsing
  3) HDL Elaboration
  4) HDL Synthesis
       4.1) HDL Synthesis Report
  5) Advanced HDL Synthesis
       5.1) Advanced HDL Synthesis Report
  6) Low Level Synthesis
  7) Partition Report
  8) Design Summary
       8.1) Primitive and Black Box Usage
       8.2) Device utilization summary
       8.3) Partition Resource Summary
       8.4) Timing Report
            8.4.1) Clock Information
            8.4.2) Asynchronous Control Signals Information
            8.4.3) Timing Summary
            8.4.4) Timing Details
            8.4.5) Cross Clock Domains Report


=========================================================================
*                      Synthesis Options Summary                        *
=========================================================================
---- Source Parameters
Input File Name                    : "design.prj"

---- Target Parameters
Output File Name                   : "design.ngc"
Target Device                      : xc6slx16-3-csg324

---- Source Options
Top Module Name                    : BomberBunnies

=========================================================================

WARNING:Xst:29 - Optimization Effort not specified
The following parameters have been added:
Optimization Goal                  : SPEED

=========================================================================

=========================================================================
*                          HDL Parsing                                  *
=========================================================================
Parsing VHDL file "/edu/rolsi701/BomberBunnies/BomberBunnies-synthdir/xst/synth/../../../BomberBunnies.vhd" into library work
Parsing entity <BomberBunnies>.
Parsing architecture <Behavioral> of entity <bomberbunnies>.
Parsing VHDL file "/edu/rolsi701/BomberBunnies/BomberBunnies-synthdir/xst/synth/../../../VGA_MOTOR.vhd" into library work
Parsing entity <VGA_MOTOR>.
Parsing architecture <behavioral> of entity <vga_motor>.
Parsing VHDL file "/edu/rolsi701/BomberBunnies/BomberBunnies-synthdir/xst/synth/../../../MAP_MEMORY.vhd" into library work
Parsing entity <MAP_MEMORY>.
Parsing architecture <behavioral> of entity <map_memory>.
Parsing VHDL file "/edu/rolsi701/BomberBunnies/BomberBunnies-synthdir/xst/synth/../../../SPRITE_MEMORY.vhd" into library work
Parsing entity <SPRITE_MEMORY>.
Parsing architecture <behavioral> of entity <sprite_memory>.
Parsing VHDL file "/edu/rolsi701/BomberBunnies/BomberBunnies-synthdir/xst/synth/../../../TILE_MEMORY.vhd" into library work
Parsing entity <TILE_MEMORY>.
Parsing architecture <behavioral> of entity <tile_memory>.

=========================================================================
*                            HDL Elaboration                            *
=========================================================================

Elaborating entity <BomberBunnies> (architecture <Behavioral>) from library <work>.

Elaborating entity <VGA_MOTOR> (architecture <behavioral>) from library <work>.

Elaborating entity <MAP_MEMORY> (architecture <behavioral>) from library <work>.
WARNING:HDLCompiler:871 - "/edu/rolsi701/BomberBunnies/BomberBunnies-synthdir/xst/synth/../../../MAP_MEMORY.vhd" Line 37: Using initial value 2 for pixelsize since it is never assigned

Elaborating entity <TILE_MEMORY> (architecture <behavioral>) from library <work>.

Elaborating entity <SPRITE_MEMORY> (architecture <behavioral>) from library <work>.
WARNING:HDLCompiler:871 - "/edu/rolsi701/BomberBunnies/BomberBunnies-synthdir/xst/synth/../../../SPRITE_MEMORY.vhd" Line 35: Using initial value 2 for pixelsize since it is never assigned

=========================================================================
*                           HDL Synthesis                               *
=========================================================================

Synthesizing Unit <BomberBunnies>.
    Related source file is "/edu/rolsi701/BomberBunnies/BomberBunnies.vhd".
INFO:Xst:3010 - "/edu/rolsi701/BomberBunnies/BomberBunnies.vhd" line 134: Output port <readTile> of the instance <U2> is unconnected or connected to loadless signal.
    Summary:
	no macro.
Unit <BomberBunnies> synthesized.

Synthesizing Unit <VGA_MOTOR>.
    Related source file is "/edu/rolsi701/BomberBunnies/VGA_MOTOR.vhd".
    Found 10-bit register for signal <xPixel>.
    Found 10-bit register for signal <yPixel>.
    Found 2-bit register for signal <clkDiv>.
    Found 2-bit adder for signal <clkDiv[1]_GND_5_o_add_0_OUT> created at line 1241.
    Found 10-bit adder for signal <xPixel[9]_GND_5_o_add_5_OUT> created at line 1241.
    Found 10-bit adder for signal <yPixel[9]_GND_5_o_add_14_OUT> created at line 1241.
    Found 10-bit comparator lessequal for signal <n0010> created at line 76
    Found 10-bit comparator greater for signal <xPixel[9]_PWR_5_o_LessThan_12_o> created at line 76
    Found 10-bit comparator lessequal for signal <n0021> created at line 98
    Found 10-bit comparator greater for signal <yPixel[9]_GND_5_o_LessThan_22_o> created at line 98
    Found 10-bit comparator lessequal for signal <n0026> created at line 101
    Found 10-bit comparator lessequal for signal <n0028> created at line 101
    Summary:
	inferred   3 Adder/Subtractor(s).
	inferred  22 D-type flip-flop(s).
	inferred   6 Comparator(s).
	inferred   2 Multiplexer(s).
Unit <VGA_MOTOR> synthesized.

Synthesizing Unit <MAP_MEMORY>.
    Related source file is "/edu/rolsi701/BomberBunnies/MAP_MEMORY.vhd".
WARNING:Xst:647 - Input <tilePointer<31:8>> is never used. This port will be preserved and left unconnected if it belongs to a top-level block or it belongs to a sub-block and the hierarchy of this sub-block is preserved.
WARNING:Xst:3035 - Index value(s) does not match array range for signal <karta>, simulation mismatch.
    Found 195x8-bit dual-port RAM <Mram_karta> for signal <karta>.
    Found 32-bit register for signal <mapIndex>.
    Found 32-bit register for signal <tileIndex>.
    Found 32-bit register for signal <tilePixelIndex>.
    Found 8-bit register for signal <pixelOut>.
    Found 8-bit register for signal <readTile>.
    Found 10-bit adder for signal <n0048[9:0]> created at line 67.
    Found 9-bit adder for signal <n0051[8:0]> created at line 69.
    Found 5x4-bit multiplier for signal <yPixel[9]_PWR_6_o_MuLt_5_OUT> created at line 67.
    Found 10-bit comparator greater for signal <xPixel[9]_GND_6_o_LessThan_4_o> created at line 66
    Found 10-bit comparator greater for signal <yPixel[9]_GND_6_o_LessThan_5_o> created at line 66
    Summary:
	inferred   1 RAM(s).
	inferred   1 Multiplier(s).
	inferred   2 Adder/Subtractor(s).
	inferred 112 D-type flip-flop(s).
	inferred   2 Comparator(s).
Unit <MAP_MEMORY> synthesized.

Synthesizing Unit <TILE_MEMORY>.
    Related source file is "/edu/rolsi701/BomberBunnies/TILE_MEMORY.vhd".
WARNING:Xst:647 - Input <tileIndex<31:24>> is never used. This port will be preserved and left unconnected if it belongs to a top-level block or it belongs to a sub-block and the hierarchy of this sub-block is preserved.
WARNING:Xst:647 - Input <clk> is never used. This port will be preserved and left unconnected if it belongs to a top-level block or it belongs to a sub-block and the hierarchy of this sub-block is preserved.
WARNING:Xst:2999 - Signal 'memory', unconnected in block 'TILE_MEMORY', is tied to its initial value.
WARNING:Xst:3035 - Index value(s) does not match array range for signal <memory>, simulation mismatch.
    Found 1280x8-bit single-port Read Only RAM <Mram_memory> for signal <memory>.
    Found 32-bit adder for signal <index> created at line 133.
    Summary:
	inferred   1 RAM(s).
	inferred   1 Adder/Subtractor(s).
Unit <TILE_MEMORY> synthesized.

Synthesizing Unit <SPRITE_MEMORY>.
    Related source file is "/edu/rolsi701/BomberBunnies/SPRITE_MEMORY.vhd".
    Found 32-bit register for signal <player1Index>.
    Found 1-bit register for signal <p2Draw>.
    Found 32-bit register for signal <player2Index>.
    Found 8-bit register for signal <playerPixel>.
    Found 1-bit register for signal <p1Draw>.
    Found 32-bit adder for signal <player1Index[31]_GND_51_o_add_6_OUT> created at line 124.
    Found 32-bit adder for signal <player2Index[31]_GND_51_o_add_14_OUT> created at line 132.
    Found 9-bit subtractor for signal <player2Index[31]_GND_51_o_sub_24_OUT<8:0>> created at line 148.
    Found 9-bit subtractor for signal <player1Index[31]_GND_51_o_sub_26_OUT<8:0>> created at line 150.
    Found 512x8-bit Read Only RAM for signal <player2Index[31]_PWR_8_o_wide_mux_24_OUT>
    Found 512x8-bit Read Only RAM for signal <player1Index[31]_PWR_8_o_wide_mux_26_OUT>
    Found 10-bit comparator lessequal for signal <n0000> created at line 122
    Found 11-bit comparator greater for signal <GND_51_o_BUS_0001_LessThan_3_o> created at line 122
    Found 10-bit comparator lessequal for signal <n0004> created at line 122
    Found 11-bit comparator greater for signal <GND_51_o_BUS_0002_LessThan_6_o> created at line 122
    Found 10-bit comparator lessequal for signal <n0013> created at line 130
    Found 11-bit comparator greater for signal <GND_51_o_BUS_0004_LessThan_11_o> created at line 130
    Found 10-bit comparator lessequal for signal <n0017> created at line 130
    Found 11-bit comparator greater for signal <GND_51_o_BUS_0005_LessThan_14_o> created at line 130
    Found 10-bit comparator greater for signal <p2y[9]_p1y[9]_LessThan_17_o> created at line 138
    Summary:
	inferred   2 RAM(s).
	inferred   4 Adder/Subtractor(s).
	inferred  74 D-type flip-flop(s).
	inferred   9 Comparator(s).
	inferred   3 Multiplexer(s).
Unit <SPRITE_MEMORY> synthesized.
RTL-Simplification CPUSTAT: 0.03 
RTL-BasicInf CPUSTAT: 0.18 
RTL-BasicOpt CPUSTAT: 0.00 
RTL-Remain-Bus CPUSTAT: 0.00 

=========================================================================
HDL Synthesis Report

Macro Statistics
# RAMs                                                 : 4
 1280x8-bit single-port Read Only RAM                  : 1
 195x8-bit dual-port RAM                               : 1
 512x8-bit single-port Read Only RAM                   : 2
# Multipliers                                          : 1
 5x4-bit multiplier                                    : 1
# Adders/Subtractors                                   : 10
 10-bit adder                                          : 3
 2-bit adder                                           : 1
 32-bit adder                                          : 3
 9-bit adder                                           : 1
 9-bit subtractor                                      : 2
# Registers                                            : 13
 1-bit register                                        : 2
 10-bit register                                       : 2
 2-bit register                                        : 1
 32-bit register                                       : 5
 8-bit register                                        : 3
# Comparators                                          : 17
 10-bit comparator greater                             : 5
 10-bit comparator lessequal                           : 8
 11-bit comparator greater                             : 4
# Multiplexers                                         : 5
 8-bit 2-to-1 multiplexer                              : 5

=========================================================================

=========================================================================
*                       Advanced HDL Synthesis                          *
=========================================================================


Synthesizing (advanced) Unit <BomberBunnies>.
INFO:Xst:3040 - The RAM <U3/Mram_memory> will be implemented as a BLOCK RAM, absorbing the following register(s): <U2/pixelOut>
    -----------------------------------------------------------------------
    | ram_type           | Block                               |          |
    -----------------------------------------------------------------------
    | Port A                                                              |
    |     aspect ratio   | 1280-word x 8-bit                   |          |
    |     mode           | write-first                         |          |
    |     clkA           | connected to signal <clk>           | rise     |
    |     weA            | connected to signal <GND>           | high     |
    |     addrA          | connected to signal <U3/index>      |          |
    |     diA            | connected to signal <GND>           |          |
    |     doA            | connected to signal <tilePixelToVGA> |          |
    |     dorstA         | connected to internal node          | low      |
    | reset value        | 00000000                                       |
    -----------------------------------------------------------------------
    | optimization       | speed                               |          |
    -----------------------------------------------------------------------
INFO:Xst:3031 - HDL ADVISOR - The RAM <U2/Mram_karta> will be implemented on LUTs either because you have described an asynchronous read or because of currently unsupported block RAM features. If you have described an asynchronous read, making it synchronous would allow you to take advantage of available block RAM resources, for optimized device usage and improved timings. Please refer to your documentation for coding guidelines.
    -----------------------------------------------------------------------
    | ram_type           | Distributed                         |          |
    -----------------------------------------------------------------------
    | Port A                                                              |
    |     aspect ratio   | 195-word x 8-bit                    |          |
    |     clkA           | connected to signal <clk>           | rise     |
    |     weA            | connected to signal <GND>           | high     |
    |     addrA          | connected to signal <GND>           |          |
    |     diA            | connected to signal <GND>           |          |
    -----------------------------------------------------------------------
    | Port B                                                              |
    |     aspect ratio   | 195-word x 8-bit                    |          |
    |     addrB          | connected to signal <U2/mapIndex>   |          |
    |     doB            | connected to internal node          |          |
    -----------------------------------------------------------------------
Unit <BomberBunnies> synthesized (advanced).

Synthesizing (advanced) Unit <MAP_MEMORY>.
	Multiplier <Mmult_yPixel[9]_PWR_6_o_MuLt_5_OUT> in block <MAP_MEMORY> and adder/subtractor <Madd_n0048[9:0]> in block <MAP_MEMORY> are combined into a MAC<Maddsub_yPixel[9]_PWR_6_o_MuLt_5_OUT>.
Unit <MAP_MEMORY> synthesized (advanced).

Synthesizing (advanced) Unit <SPRITE_MEMORY>.
The following registers are absorbed into accumulator <player2Index>: 1 register on signal <player2Index>.
The following registers are absorbed into accumulator <player1Index>: 1 register on signal <player1Index>.
INFO:Xst:3031 - HDL ADVISOR - The RAM <Mram_player1Index[31]_PWR_8_o_wide_mux_26_OUT> will be implemented on LUTs either because you have described an asynchronous read or because of currently unsupported block RAM features. If you have described an asynchronous read, making it synchronous would allow you to take advantage of available block RAM resources, for optimized device usage and improved timings. Please refer to your documentation for coding guidelines.
    -----------------------------------------------------------------------
    | ram_type           | Distributed                         |          |
    -----------------------------------------------------------------------
    | Port A                                                              |
    |     aspect ratio   | 512-word x 8-bit                    |          |
    |     weA            | connected to signal <GND>           | high     |
    |     addrA          | connected to signal <player1Index[31]_GND_51_o_sub_26_OUT> |          |
    |     diA            | connected to signal <GND>           |          |
    |     doA            | connected to internal node          |          |
    -----------------------------------------------------------------------
INFO:Xst:3031 - HDL ADVISOR - The RAM <Mram_player2Index[31]_PWR_8_o_wide_mux_24_OUT> will be implemented on LUTs either because you have described an asynchronous read or because of currently unsupported block RAM features. If you have described an asynchronous read, making it synchronous would allow you to take advantage of available block RAM resources, for optimized device usage and improved timings. Please refer to your documentation for coding guidelines.
    -----------------------------------------------------------------------
    | ram_type           | Distributed                         |          |
    -----------------------------------------------------------------------
    | Port A                                                              |
    |     aspect ratio   | 512-word x 8-bit                    |          |
    |     weA            | connected to signal <GND>           | high     |
    |     addrA          | connected to signal <player2Index[31]_GND_51_o_sub_24_OUT> |          |
    |     diA            | connected to signal <GND>           |          |
    |     doA            | connected to internal node          |          |
    -----------------------------------------------------------------------
Unit <SPRITE_MEMORY> synthesized (advanced).

Synthesizing (advanced) Unit <VGA_MOTOR>.
The following registers are absorbed into counter <clkDiv>: 1 register on signal <clkDiv>.
The following registers are absorbed into counter <xPixel>: 1 register on signal <xPixel>.
The following registers are absorbed into counter <yPixel>: 1 register on signal <yPixel>.
Unit <VGA_MOTOR> synthesized (advanced).
WARNING:Xst:2677 - Node <U2/tilePixelIndex_11> of sequential type is unconnected in block <BomberBunnies>.
WARNING:Xst:2677 - Node <U2/tilePixelIndex_12> of sequential type is unconnected in block <BomberBunnies>.
WARNING:Xst:2677 - Node <U2/tilePixelIndex_13> of sequential type is unconnected in block <BomberBunnies>.
WARNING:Xst:2677 - Node <U2/tilePixelIndex_14> of sequential type is unconnected in block <BomberBunnies>.
WARNING:Xst:2677 - Node <U2/tilePixelIndex_15> of sequential type is unconnected in block <BomberBunnies>.
WARNING:Xst:2677 - Node <U2/tilePixelIndex_16> of sequential type is unconnected in block <BomberBunnies>.
WARNING:Xst:2677 - Node <U2/tilePixelIndex_17> of sequential type is unconnected in block <BomberBunnies>.
WARNING:Xst:2677 - Node <U2/tilePixelIndex_18> of sequential type is unconnected in block <BomberBunnies>.
WARNING:Xst:2677 - Node <U2/tilePixelIndex_19> of sequential type is unconnected in block <BomberBunnies>.
WARNING:Xst:2677 - Node <U2/tilePixelIndex_20> of sequential type is unconnected in block <BomberBunnies>.
WARNING:Xst:2677 - Node <U2/tilePixelIndex_21> of sequential type is unconnected in block <BomberBunnies>.
WARNING:Xst:2677 - Node <U2/tilePixelIndex_22> of sequential type is unconnected in block <BomberBunnies>.
WARNING:Xst:2677 - Node <U2/tilePixelIndex_23> of sequential type is unconnected in block <BomberBunnies>.
WARNING:Xst:2677 - Node <U2/tilePixelIndex_24> of sequential type is unconnected in block <BomberBunnies>.
WARNING:Xst:2677 - Node <U2/tilePixelIndex_25> of sequential type is unconnected in block <BomberBunnies>.
WARNING:Xst:2677 - Node <U2/tilePixelIndex_26> of sequential type is unconnected in block <BomberBunnies>.
WARNING:Xst:2677 - Node <U2/tilePixelIndex_27> of sequential type is unconnected in block <BomberBunnies>.
WARNING:Xst:2677 - Node <U2/tilePixelIndex_28> of sequential type is unconnected in block <BomberBunnies>.
WARNING:Xst:2677 - Node <U2/tilePixelIndex_29> of sequential type is unconnected in block <BomberBunnies>.
WARNING:Xst:2677 - Node <U2/tilePixelIndex_30> of sequential type is unconnected in block <BomberBunnies>.
WARNING:Xst:2677 - Node <U2/tilePixelIndex_31> of sequential type is unconnected in block <BomberBunnies>.
WARNING:Xst:2677 - Node <U2/mapIndex_8> of sequential type is unconnected in block <BomberBunnies>.
WARNING:Xst:2677 - Node <U2/mapIndex_9> of sequential type is unconnected in block <BomberBunnies>.
WARNING:Xst:2677 - Node <U2/mapIndex_10> of sequential type is unconnected in block <BomberBunnies>.
WARNING:Xst:2677 - Node <U2/mapIndex_11> of sequential type is unconnected in block <BomberBunnies>.
WARNING:Xst:2677 - Node <U2/mapIndex_12> of sequential type is unconnected in block <BomberBunnies>.
WARNING:Xst:2677 - Node <U2/mapIndex_13> of sequential type is unconnected in block <BomberBunnies>.
WARNING:Xst:2677 - Node <U2/mapIndex_14> of sequential type is unconnected in block <BomberBunnies>.
WARNING:Xst:2677 - Node <U2/mapIndex_15> of sequential type is unconnected in block <BomberBunnies>.
WARNING:Xst:2677 - Node <U2/mapIndex_16> of sequential type is unconnected in block <BomberBunnies>.
WARNING:Xst:2677 - Node <U2/mapIndex_17> of sequential type is unconnected in block <BomberBunnies>.
WARNING:Xst:2677 - Node <U2/mapIndex_18> of sequential type is unconnected in block <BomberBunnies>.
WARNING:Xst:2677 - Node <U2/mapIndex_19> of sequential type is unconnected in block <BomberBunnies>.
WARNING:Xst:2677 - Node <U2/mapIndex_20> of sequential type is unconnected in block <BomberBunnies>.
WARNING:Xst:2677 - Node <U2/mapIndex_21> of sequential type is unconnected in block <BomberBunnies>.
WARNING:Xst:2677 - Node <U2/mapIndex_22> of sequential type is unconnected in block <BomberBunnies>.
WARNING:Xst:2677 - Node <U2/mapIndex_23> of sequential type is unconnected in block <BomberBunnies>.
WARNING:Xst:2677 - Node <U2/mapIndex_24> of sequential type is unconnected in block <BomberBunnies>.
WARNING:Xst:2677 - Node <U2/mapIndex_25> of sequential type is unconnected in block <BomberBunnies>.
WARNING:Xst:2677 - Node <U2/mapIndex_26> of sequential type is unconnected in block <BomberBunnies>.
WARNING:Xst:2677 - Node <U2/mapIndex_27> of sequential type is unconnected in block <BomberBunnies>.
WARNING:Xst:2677 - Node <U2/mapIndex_28> of sequential type is unconnected in block <BomberBunnies>.
WARNING:Xst:2677 - Node <U2/mapIndex_29> of sequential type is unconnected in block <BomberBunnies>.
WARNING:Xst:2677 - Node <U2/mapIndex_30> of sequential type is unconnected in block <BomberBunnies>.
WARNING:Xst:2677 - Node <U2/mapIndex_31> of sequential type is unconnected in block <BomberBunnies>.
WARNING:Xst:2677 - Node <U2/tileIndex_3> of sequential type is unconnected in block <BomberBunnies>.
WARNING:Xst:2677 - Node <U2/tileIndex_4> of sequential type is unconnected in block <BomberBunnies>.
WARNING:Xst:2677 - Node <U2/tileIndex_5> of sequential type is unconnected in block <BomberBunnies>.
WARNING:Xst:2677 - Node <U2/tileIndex_6> of sequential type is unconnected in block <BomberBunnies>.
WARNING:Xst:2677 - Node <U2/tileIndex_7> of sequential type is unconnected in block <BomberBunnies>.
WARNING:Xst:2677 - Node <U2/tileIndex_8> of sequential type is unconnected in block <BomberBunnies>.
WARNING:Xst:2677 - Node <U2/tileIndex_9> of sequential type is unconnected in block <BomberBunnies>.
WARNING:Xst:2677 - Node <U2/tileIndex_10> of sequential type is unconnected in block <BomberBunnies>.
WARNING:Xst:2677 - Node <U2/tileIndex_11> of sequential type is unconnected in block <BomberBunnies>.
WARNING:Xst:2677 - Node <U2/tileIndex_12> of sequential type is unconnected in block <BomberBunnies>.
WARNING:Xst:2677 - Node <U2/tileIndex_13> of sequential type is unconnected in block <BomberBunnies>.
WARNING:Xst:2677 - Node <U2/tileIndex_14> of sequential type is unconnected in block <BomberBunnies>.
WARNING:Xst:2677 - Node <U2/tileIndex_15> of sequential type is unconnected in block <BomberBunnies>.
WARNING:Xst:2677 - Node <U2/tileIndex_16> of sequential type is unconnected in block <BomberBunnies>.
WARNING:Xst:2677 - Node <U2/tileIndex_17> of sequential type is unconnected in block <BomberBunnies>.
WARNING:Xst:2677 - Node <U2/tileIndex_18> of sequential type is unconnected in block <BomberBunnies>.
WARNING:Xst:2677 - Node <U2/tileIndex_19> of sequential type is unconnected in block <BomberBunnies>.
WARNING:Xst:2677 - Node <U2/tileIndex_20> of sequential type is unconnected in block <BomberBunnies>.
WARNING:Xst:2677 - Node <U2/tileIndex_21> of sequential type is unconnected in block <BomberBunnies>.
WARNING:Xst:2677 - Node <U2/tileIndex_22> of sequential type is unconnected in block <BomberBunnies>.
WARNING:Xst:2677 - Node <U2/tileIndex_23> of sequential type is unconnected in block <BomberBunnies>.
WARNING:Xst:2677 - Node <U2/tileIndex_24> of sequential type is unconnected in block <BomberBunnies>.
WARNING:Xst:2677 - Node <U2/tileIndex_25> of sequential type is unconnected in block <BomberBunnies>.
WARNING:Xst:2677 - Node <U2/tileIndex_26> of sequential type is unconnected in block <BomberBunnies>.
WARNING:Xst:2677 - Node <U2/tileIndex_27> of sequential type is unconnected in block <BomberBunnies>.
WARNING:Xst:2677 - Node <U2/tileIndex_28> of sequential type is unconnected in block <BomberBunnies>.
WARNING:Xst:2677 - Node <U2/tileIndex_29> of sequential type is unconnected in block <BomberBunnies>.
WARNING:Xst:2677 - Node <U2/tileIndex_30> of sequential type is unconnected in block <BomberBunnies>.
WARNING:Xst:2677 - Node <U2/tileIndex_31> of sequential type is unconnected in block <BomberBunnies>.

=========================================================================
Advanced HDL Synthesis Report

Macro Statistics
# RAMs                                                 : 4
 1280x8-bit single-port block Read Only RAM            : 1
 195x8-bit dual-port distributed RAM                   : 1
 512x8-bit single-port distributed Read Only RAM       : 2
# MACs                                                 : 1
 5x4-to-10-bit MAC                                     : 1
# Adders/Subtractors                                   : 4
 11-bit adder                                          : 1
 9-bit adder                                           : 1
 9-bit subtractor                                      : 2
# Counters                                             : 3
 10-bit up counter                                     : 2
 2-bit up counter                                      : 1
# Accumulators                                         : 2
 32-bit up accumulator                                 : 2
# Registers                                            : 32
 Flip-Flops                                            : 32
# Comparators                                          : 17
 10-bit comparator greater                             : 5
 10-bit comparator lessequal                           : 8
 11-bit comparator greater                             : 4
# Multiplexers                                         : 5
 8-bit 2-to-1 multiplexer                              : 5

=========================================================================

=========================================================================
*                         Low Level Synthesis                           *
=========================================================================
WARNING:Xst:1293 - FF/Latch <U2/tilePixelIndex_9> has a constant value of 0 in block <BomberBunnies>. This FF/Latch will be trimmed during the optimization process.
WARNING:Xst:1896 - Due to other FF/Latch trimming, FF/Latch <U2/tilePixelIndex_10> has a constant value of 0 in block <BomberBunnies>. This FF/Latch will be trimmed during the optimization process.
WARNING:Xst:2677 - Node <U2/Mram_karta4> of sequential type is unconnected in block <BomberBunnies>.
WARNING:Xst:2677 - Node <U2/Mram_karta7> of sequential type is unconnected in block <BomberBunnies>.
WARNING:Xst:2677 - Node <U2/Mram_karta5> of sequential type is unconnected in block <BomberBunnies>.
WARNING:Xst:2677 - Node <U2/Mram_karta6> of sequential type is unconnected in block <BomberBunnies>.
WARNING:Xst:2677 - Node <U2/Mram_karta8> of sequential type is unconnected in block <BomberBunnies>.
WARNING:Xst:2677 - Node <U2/Mram_karta12> of sequential type is unconnected in block <BomberBunnies>.
WARNING:Xst:2677 - Node <U2/Mram_karta13> of sequential type is unconnected in block <BomberBunnies>.
WARNING:Xst:2677 - Node <U2/Mram_karta14> of sequential type is unconnected in block <BomberBunnies>.
WARNING:Xst:2677 - Node <U2/Mram_karta15> of sequential type is unconnected in block <BomberBunnies>.
WARNING:Xst:2677 - Node <U2/Mram_karta16> of sequential type is unconnected in block <BomberBunnies>.
WARNING:Xst:2677 - Node <player2Index_9> of sequential type is unconnected in block <SPRITE_MEMORY>.
WARNING:Xst:2677 - Node <player2Index_10> of sequential type is unconnected in block <SPRITE_MEMORY>.
WARNING:Xst:2677 - Node <player2Index_11> of sequential type is unconnected in block <SPRITE_MEMORY>.
WARNING:Xst:2677 - Node <player2Index_12> of sequential type is unconnected in block <SPRITE_MEMORY>.
WARNING:Xst:2677 - Node <player2Index_13> of sequential type is unconnected in block <SPRITE_MEMORY>.
WARNING:Xst:2677 - Node <player2Index_14> of sequential type is unconnected in block <SPRITE_MEMORY>.
WARNING:Xst:2677 - Node <player2Index_15> of sequential type is unconnected in block <SPRITE_MEMORY>.
WARNING:Xst:2677 - Node <player2Index_16> of sequential type is unconnected in block <SPRITE_MEMORY>.
WARNING:Xst:2677 - Node <player2Index_17> of sequential type is unconnected in block <SPRITE_MEMORY>.
WARNING:Xst:2677 - Node <player2Index_18> of sequential type is unconnected in block <SPRITE_MEMORY>.
WARNING:Xst:2677 - Node <player2Index_19> of sequential type is unconnected in block <SPRITE_MEMORY>.
WARNING:Xst:2677 - Node <player2Index_20> of sequential type is unconnected in block <SPRITE_MEMORY>.
WARNING:Xst:2677 - Node <player2Index_21> of sequential type is unconnected in block <SPRITE_MEMORY>.
WARNING:Xst:2677 - Node <player2Index_22> of sequential type is unconnected in block <SPRITE_MEMORY>.
WARNING:Xst:2677 - Node <player2Index_23> of sequential type is unconnected in block <SPRITE_MEMORY>.
WARNING:Xst:2677 - Node <player2Index_24> of sequential type is unconnected in block <SPRITE_MEMORY>.
WARNING:Xst:2677 - Node <player2Index_25> of sequential type is unconnected in block <SPRITE_MEMORY>.
WARNING:Xst:2677 - Node <player2Index_26> of sequential type is unconnected in block <SPRITE_MEMORY>.
WARNING:Xst:2677 - Node <player2Index_27> of sequential type is unconnected in block <SPRITE_MEMORY>.
WARNING:Xst:2677 - Node <player2Index_28> of sequential type is unconnected in block <SPRITE_MEMORY>.
WARNING:Xst:2677 - Node <player2Index_29> of sequential type is unconnected in block <SPRITE_MEMORY>.
WARNING:Xst:2677 - Node <player2Index_30> of sequential type is unconnected in block <SPRITE_MEMORY>.
WARNING:Xst:2677 - Node <player2Index_31> of sequential type is unconnected in block <SPRITE_MEMORY>.
WARNING:Xst:2677 - Node <player1Index_9> of sequential type is unconnected in block <SPRITE_MEMORY>.
WARNING:Xst:2677 - Node <player1Index_10> of sequential type is unconnected in block <SPRITE_MEMORY>.
WARNING:Xst:2677 - Node <player1Index_11> of sequential type is unconnected in block <SPRITE_MEMORY>.
WARNING:Xst:2677 - Node <player1Index_12> of sequential type is unconnected in block <SPRITE_MEMORY>.
WARNING:Xst:2677 - Node <player1Index_13> of sequential type is unconnected in block <SPRITE_MEMORY>.
WARNING:Xst:2677 - Node <player1Index_14> of sequential type is unconnected in block <SPRITE_MEMORY>.
WARNING:Xst:2677 - Node <player1Index_15> of sequential type is unconnected in block <SPRITE_MEMORY>.
WARNING:Xst:2677 - Node <player1Index_16> of sequential type is unconnected in block <SPRITE_MEMORY>.
WARNING:Xst:2677 - Node <player1Index_17> of sequential type is unconnected in block <SPRITE_MEMORY>.
WARNING:Xst:2677 - Node <player1Index_18> of sequential type is unconnected in block <SPRITE_MEMORY>.
WARNING:Xst:2677 - Node <player1Index_19> of sequential type is unconnected in block <SPRITE_MEMORY>.
WARNING:Xst:2677 - Node <player1Index_20> of sequential type is unconnected in block <SPRITE_MEMORY>.
WARNING:Xst:2677 - Node <player1Index_21> of sequential type is unconnected in block <SPRITE_MEMORY>.
WARNING:Xst:2677 - Node <player1Index_22> of sequential type is unconnected in block <SPRITE_MEMORY>.
WARNING:Xst:2677 - Node <player1Index_23> of sequential type is unconnected in block <SPRITE_MEMORY>.
WARNING:Xst:2677 - Node <player1Index_24> of sequential type is unconnected in block <SPRITE_MEMORY>.
WARNING:Xst:2677 - Node <player1Index_25> of sequential type is unconnected in block <SPRITE_MEMORY>.
WARNING:Xst:2677 - Node <player1Index_26> of sequential type is unconnected in block <SPRITE_MEMORY>.
WARNING:Xst:2677 - Node <player1Index_27> of sequential type is unconnected in block <SPRITE_MEMORY>.
WARNING:Xst:2677 - Node <player1Index_28> of sequential type is unconnected in block <SPRITE_MEMORY>.
WARNING:Xst:2677 - Node <player1Index_29> of sequential type is unconnected in block <SPRITE_MEMORY>.
WARNING:Xst:2677 - Node <player1Index_30> of sequential type is unconnected in block <SPRITE_MEMORY>.
WARNING:Xst:2677 - Node <player1Index_31> of sequential type is unconnected in block <SPRITE_MEMORY>.
WARNING:Xst:1710 - FF/Latch <playerPixel_7> (without init value) has a constant value of 1 in block <SPRITE_MEMORY>. This FF/Latch will be trimmed during the optimization process.
WARNING:Xst:1293 - FF/Latch <U2/tilePixelIndex_8> has a constant value of 0 in block <BomberBunnies>. This FF/Latch will be trimmed during the optimization process.

Optimizing unit <BomberBunnies> ...

Optimizing unit <VGA_MOTOR> ...

Optimizing unit <SPRITE_MEMORY> ...
INFO:Xst:2399 - RAMs <U2/Mram_karta2>, <U2/Mram_karta3> are equivalent, second RAM is removed
INFO:Xst:2399 - RAMs <U2/Mram_karta2>, <U2/Mram_karta10> are equivalent, second RAM is removed
INFO:Xst:2399 - RAMs <U2/Mram_karta2>, <U2/Mram_karta11> are equivalent, second RAM is removed

Mapping all equations...
Building and optimizing final netlist ...
INFO:Xst:2261 - The FF/Latch <U2/tileIndex_1> in Unit <BomberBunnies> is equivalent to the following FF/Latch, which will be removed : <U2/tileIndex_2> 
Found area constraint ratio of 100 (+ 0) on block BomberBunnies, actual ratio is 2.

Final Macro Processing ...

=========================================================================
Final Register Report

Macro Statistics
# Registers                                            : 67
 Flip-Flops                                            : 67

=========================================================================

=========================================================================
*                           Partition Report                            *
=========================================================================

Partition Implementation Status
-------------------------------

  No Partitions were found in this design.

-------------------------------

=========================================================================
*                            Design Summary                             *
=========================================================================

Top Level Output File Name         : design.ngc

Primitive and Black Box Usage:
------------------------------
# BELS                             : 305
#      GND                         : 1
#      INV                         : 6
#      LUT1                        : 40
#      LUT2                        : 26
#      LUT3                        : 16
#      LUT4                        : 21
#      LUT5                        : 19
#      LUT6                        : 47
#      MUXCY                       : 56
#      MUXF7                       : 7
#      MUXF8                       : 2
#      VCC                         : 1
#      XORCY                       : 63
# FlipFlops/Latches                : 67
#      FD                          : 2
#      FDE                         : 36
#      FDR                         : 8
#      FDRE                        : 20
#      FDS                         : 1
# RAMS                             : 4
#      RAM128X1D                   : 3
#      RAMB16BWER                  : 1
# Clock Buffers                    : 1
#      BUFGP                       : 1
# IO Buffers                       : 11
#      IBUF                        : 1
#      OBUF                        : 10

Device utilization summary:
---------------------------

Selected Device : 6slx16csg324-3 


Slice Logic Utilization: 
 Number of Slice Registers:              67  out of  18224     0%  
 Number of Slice LUTs:                  187  out of   9112     2%  
    Number used as Logic:               175  out of   9112     1%  
    Number used as Memory:               12  out of   2176     0%  
       Number used as RAM:               12

Slice Logic Distribution: 
 Number of LUT Flip Flop pairs used:    196
   Number with an unused Flip Flop:     129  out of    196    65%  
   Number with an unused LUT:             9  out of    196     4%  
   Number of fully used LUT-FF pairs:    58  out of    196    29%  
   Number of unique control sets:         8

IO Utilization: 
 Number of IOs:                          12
 Number of bonded IOBs:                  12  out of    232     5%  

Specific Feature Utilization:
 Number of Block RAM/FIFO:                1  out of     32     3%  
    Number using Block RAM only:          1
 Number of BUFG/BUFGCTRLs:                1  out of     16     6%  

---------------------------
Partition Resource Summary:
---------------------------

  No Partitions were found in this design.

---------------------------


=========================================================================
Timing Report

NOTE: THESE TIMING NUMBERS ARE ONLY A SYNTHESIS ESTIMATE.
      FOR ACCURATE TIMING INFORMATION PLEASE REFER TO THE TRACE REPORT
      GENERATED AFTER PLACE-and-ROUTE.

Clock Information:
------------------
-----------------------------------+------------------------+-------+
Clock Signal                       | Clock buffer(FF name)  | Load  |
-----------------------------------+------------------------+-------+
clk                                | BUFGP                  | 71    |
-----------------------------------+------------------------+-------+

Asynchronous Control Signals Information:
----------------------------------------
No asynchronous control signals found in this design

Timing Summary:
---------------
Speed Grade: -3

   Minimum period: 6.000ns (Maximum Frequency: 166.678MHz)
   Minimum input arrival time before clock: 3.758ns
   Maximum output required time after clock: 7.026ns
   Maximum combinational path delay: No path found

Timing Details:
---------------
All values displayed in nanoseconds (ns)

=========================================================================
Timing constraint: Default period analysis for Clock 'clk'
  Clock period: 6.000ns (frequency: 166.678MHz)
  Total number of paths / destination ports: 4531 / 161
-------------------------------------------------------------------------
Delay:               6.000ns (Levels of Logic = 5)
  Source:            U4/player2Index_2 (FF)
  Destination:       U4/playerPixel_5 (FF)
  Source Clock:      clk rising
  Destination Clock: clk rising

  Data Path: U4/player2Index_2 to U4/playerPixel_5
                                Gate     Net
    Cell:in->out      fanout   Delay   Delay  Logical Name (Net Name)
    ----------------------------------------  ------------
     FDE:C->Q              6   0.447   0.992  U4/player2Index_2 (U4/player2Index_2)
     LUT4:I0->O           18   0.203   1.278  U4/player2Index[31]_GND_51_o_sub_24_OUT<3>1 (U4/player2Index[31]_GND_51_o_sub_24_OUT<3>)
     LUT6:I3->O            1   0.205   0.827  U4_Mram_player2Index[31]_PWR_8_o_wide_mux_24_OUT1_f8_SW0_SW0 (U4_N81)
     LUT6:I2->O            1   0.203   0.580  U4_Mram_player2Index[31]_PWR_8_o_wide_mux_24_OUT1_f8_SW0 (U4_N28)
     LUT5:I4->O            3   0.205   0.755  U4_Mram_player2Index[31]_PWR_8_o_wide_mux_24_OUT215 (U4/player2Index[31]_PWR_8_o_wide_mux_24_OUT<0>)
     LUT3:I1->O            1   0.203   0.000  U4/Mmux_PWR_8_o_PWR_8_o_mux_29_OUT11 (U4/PWR_8_o_PWR_8_o_mux_29_OUT<0>)
     FDR:D                     0.102          U4/playerPixel_0
    ----------------------------------------
    Total                      6.000ns (1.568ns logic, 4.432ns route)
                                       (26.1% logic, 73.9% route)

=========================================================================
Timing constraint: Default OFFSET IN BEFORE for Clock 'clk'
  Total number of paths / destination ports: 22 / 22
-------------------------------------------------------------------------
Offset:              3.758ns (Levels of Logic = 2)
  Source:            rst (PAD)
  Destination:       U1/yPixel_0 (FF)
  Destination Clock: clk rising

  Data Path: rst to U1/yPixel_0
                                Gate     Net
    Cell:in->out      fanout   Delay   Delay  Logical Name (Net Name)
    ----------------------------------------  ------------
     IBUF:I->O             4   1.222   1.048  rst_IBUF (rst_IBUF)
     LUT6:I0->O           10   0.203   0.856  U1/Mcount_yPixel_val3 (U1/Mcount_yPixel_val)
     FDRE:R                    0.430          U1/yPixel_0
    ----------------------------------------
    Total                      3.758ns (1.855ns logic, 1.903ns route)
                                       (49.4% logic, 50.6% route)

=========================================================================
Timing constraint: Default OFFSET OUT AFTER for Clock 'clk'
  Total number of paths / destination ports: 150 / 10
-------------------------------------------------------------------------
Offset:              7.026ns (Levels of Logic = 4)
  Source:            U1/yPixel_5 (FF)
  Destination:       vgaRed<1> (PAD)
  Source Clock:      clk rising

  Data Path: U1/yPixel_5 to vgaRed<1>
                                Gate     Net
    Cell:in->out      fanout   Delay   Delay  Logical Name (Net Name)
    ----------------------------------------  ------------
     FDRE:C->Q            10   0.447   1.085  U1/yPixel_5 (U1/yPixel_5)
     LUT3:I0->O            1   0.205   0.684  U1/blank_SW0 (N52)
     LUT6:I4->O            8   0.203   1.050  U1/blank (U1/blank)
     LUT4:I0->O            1   0.203   0.579  U1/Mmux_pixel71 (vgaRed_1_OBUF)
     OBUF:I->O                 2.571          vgaRed_1_OBUF (vgaRed<1>)
    ----------------------------------------
    Total                      7.026ns (3.629ns logic, 3.397ns route)
                                       (51.6% logic, 48.4% route)

=========================================================================

Cross Clock Domains Report:
--------------------------

Clock to Setup on destination clock clk
---------------+---------+---------+---------+---------+
               | Src:Rise| Src:Fall| Src:Rise| Src:Fall|
Source Clock   |Dest:Rise|Dest:Rise|Dest:Fall|Dest:Fall|
---------------+---------+---------+---------+---------+
clk            |    6.000|         |         |         |
---------------+---------+---------+---------+---------+

=========================================================================


Total REAL time to Xst completion: 6.00 secs
Total CPU time to Xst completion: 5.16 secs
 
--> 


Total memory usage is 462684 kilobytes

Number of errors   :    0 (   0 filtered)
Number of warnings :  143 (   0 filtered)
Number of infos    :    9 (   0 filtered)

